<html>
<body>
<pre>
<h1>µVision Build Log</h1>
<h2>Tool Versions:</h2>
IDE-Version: ¦ÌVision V5.37.0.0
Copyright (C) 2022 ARM Ltd and ARM Germany GmbH. All rights reserved.
License Information: Yifan Cheng, 1, LIC=8VRJ7-ED1PW-WFDI7-EPQPD-25WI8-ECTFM
 
Tool Versions:
Toolchain:       MDK-ARM Plus  Version: 5.37.0.0
Toolchain Path:  D:\Keil_v5\ARM\ARMCLANG\Bin
C Compiler:      ArmClang.exe V6.18
Assembler:       Armasm.exe V6.18
Linker/Locator:  ArmLink.exe V6.18
Library Manager: ArmAr.exe V6.18
Hex Converter:   FromElf.exe V6.18
CPU DLL:         SARMCM3.DLL V5.37.0.0
Dialog DLL:      DCM.DLL V1.17.5.0
Target DLL:      STLink\ST-LINKIII-KEIL_SWO.dll V3.0.9.0
Dialog DLL:      TCM.DLL V1.56.1.0
 
<h2>Project:</h2>
D:\STM32\mini_car_1423514356\MDK-ARM\micro_smartcar.uvprojx
Project File Date:  11/15/2025

<h2>Output:</h2>
*** Using Compiler 'V6.18', folder: 'D:\Keil_v5\ARM\ARMCLANG\Bin'
Rebuild target 'micro_smartcar'
assembling startup_stm32f103xb.s...
compiling stm32f1xx_hal_rcc_ex.c...
compiling stm32f1xx_it.c...
compiling stm32f1xx_hal.c...
compiling stm32f1xx_hal_flash.c...
compiling system_stm32f1xx.c...
compiling dodo_BMI270.c...
compiling multiplexer.c...
compiling stm32f1xx_hal_exti.c...
compiling main.c...
compiling stm32f1xx_hal_gpio.c...
compiling stm32f1xx_hal_gpio_ex.c...
compiling stm32f1xx_hal_msp.c...
compiling stm32f1xx_hal_rcc.c...
compiling bmi270_port.c...
compiling stm32f1xx_hal_cortex.c...
compiling stm32f1xx_hal_pwr.c...
compiling stm32f1xx_hal_flash_ex.c...
compiling stm32f1xx_hal_dma.c...
compiling stm32f1xx_hal_uart.c...
compiling stm32f1xx_hal_spi.c...
compiling stm32f1xx_hal_tim_ex.c...
compiling bmi270.c...
compiling stm32f1xx_hal_tim.c...
compiling bmi2.c...
linking...
Program Size: Code=26560 RO-data=8580 RW-data=112 ZI-data=10072  
FromELF: creating hex file...
"micro_smartcar\micro_smartcar.axf" - 0 Error(s), 0 Warning(s).

<h2>Software Packages used:</h2>

Package Vendor: ARM
                http://www.keil.com/pack/ARM.CMSIS.5.9.0.pack
                ARM.CMSIS.5.9.0
                CMSIS (Common Microcontroller Software Interface Standard)
   * Component: CORE Version: 5.6.0

Package Vendor: Keil
                http://www.keil.com/pack/Keil.STM32F1xx_DFP.2.2.0.pack
                Keil.STM32F1xx_DFP.2.2.0
                STMicroelectronics STM32F1 Series Device Support, Drivers and Examples

<h2>Collection of Component include folders:</h2>
  ./RTE/_micro_smartcar
  D:/Keil_v5/ARM/PACK/ARM/CMSIS/5.9.0/CMSIS/Core/Include
  D:/Keil_v5/ARM/PACK/Keil/STM32F1xx_DFP/2.2.0/Device/Include

<h2>Collection of Component Files used:</h2>

   * Component: ARM::CMSIS:CORE:5.6.0
      Include file:  CMSIS/Core/Include/tz_context.h
Build Time Elapsed:  00:00:02
</pre>
</body>
</html>
